C:\Users\Owner\git\coupons\src\main\java\com\ariye\coupons\api\PurchasesApi.java
C:\Users\Owner\git\coupons\src\main\java\com\ariye\coupons\api\UsersApi.java
C:\Users\Owner\git\coupons\src\main\java\com\ariye\coupons\Main.java
C:\Users\Owner\git\coupons\src\main\java\com\ariye\coupons\dto\ErrorBean.java
C:\Users\Owner\git\coupons\src\main\java\com\ariye\coupons\exeptions\ApplicationException.java
C:\Users\Owner\git\coupons\src\main\java\com\ariye\coupons\dto\UserLoginDetails.java
C:\Users\Owner\git\coupons\src\main\java\com\ariye\coupons\dao\IPurchasesDao.java
C:\Users\Owner\git\coupons\src\main\java\com\ariye\coupons\dto\UserDto.java
C:\Users\Owner\git\coupons\src\main\java\com\ariye\coupons\logic\PurchasesController.java
C:\Users\Owner\git\coupons\src\main\java\com\ariye\coupons\logic\CouponsController.java
C:\Users\Owner\git\coupons\src\main\java\com\ariye\coupons\utils\JdbcUtils.java
C:\Users\Owner\git\coupons\src\main\java\com\ariye\coupons\logic\CompaniesController.java
C:\Users\Owner\git\coupons\src\main\java\com\ariye\coupons\entities\Coupon.java
C:\Users\Owner\git\coupons\src\main\java\com\ariye\coupons\dto\SuccessfulLoginData.java
C:\Users\Owner\git\coupons\src\main\java\com\ariye\coupons\filters\LoginFilter.java
C:\Users\Owner\git\coupons\src\main\java\com\ariye\coupons\logic\CacheController.java
C:\Users\Owner\git\coupons\src\main\java\com\ariye\coupons\dao\IUsersDao.java
C:\Users\Owner\git\coupons\src\main\java\com\ariye\coupons\dto\CompanyDto.java
C:\Users\Owner\git\coupons\src\main\java\com\ariye\coupons\dto\CouponDto.java
C:\Users\Owner\git\coupons\src\main\java\com\ariye\coupons\entities\User.java
C:\Users\Owner\git\coupons\src\main\java\com\ariye\coupons\dao\ICompaniesDao.java
C:\Users\Owner\git\coupons\src\main\java\com\ariye\coupons\exeptions\ExceptionsHandler.java
C:\Users\Owner\git\coupons\src\main\java\com\ariye\coupons\api\CouponsApi.java
C:\Users\Owner\git\coupons\src\main\java\com\ariye\coupons\entities\Company.java
C:\Users\Owner\git\coupons\src\main\java\com\ariye\coupons\api\CompaniesApi.java
C:\Users\Owner\git\coupons\src\main\java\com\ariye\coupons\dto\PurchaseDto.java
C:\Users\Owner\git\coupons\src\main\java\com\ariye\coupons\entities\Purchase.java
C:\Users\Owner\git\coupons\src\main\java\com\ariye\coupons\dto\UserLoginData.java
C:\Users\Owner\git\coupons\src\main\java\com\ariye\coupons\logic\UsersController.java
C:\Users\Owner\git\coupons\src\main\java\com\ariye\coupons\enums\ErrorType.java
C:\Users\Owner\git\coupons\src\main\java\com\ariye\coupons\enums\UserType.java
C:\Users\Owner\git\coupons\src\main\java\com\ariye\coupons\enums\CouponType.java
C:\Users\Owner\git\coupons\src\main\java\com\ariye\coupons\filters\CORSFilter.java
C:\Users\Owner\git\coupons\src\main\java\com\ariye\coupons\dao\ICouponsDao.java
